// Jest Snapshot v1, https://goo.gl/fbAQLP

exports[`App created renders correctly 1`] = `
<View
  style={
    Object {
      "alignItems": "center",
      "backgroundColor": "#fff",
      "flex": 1,
      "justifyContent": "center",
    }
  }
>
  <Text>
    "Hello World!"
  </Text>
</View>
`;
